src/dashboard/prep/main-prep.tsx(21,24): error TS6133: 'mutation' is declared but its value is never read.
src/dashboard/resume/main-resume.tsx(22,24): error TS6133: 'mutation' is declared but its value is never read.
src/modules/prep/layouts/DashboardLayout.tsx(10,26): error TS6133: 'navigate' is declared but its value is never read.
src/modules/prep/PrepPage.tsx(1,1): error TS6133: 'React' is declared but its value is never read.
src/modules/resume/context/ModuleRouterContext.tsx(3,6): error TS6196: 'View' is declared but never used.
